[www.receitasdamaria.com.br/geladinhogourmet/index.html]
[backblue.gif]
[fade.gif]
[index.html]
[www.receitasdamaria.com.br/wp-content/uploads/2019/09/KPAGES-FACE.png]
[www.receitasdamaria.com.br/wp-includes/js/jquery/jquery4a5f.js]
[www.receitasdamaria.com.br/wp-includes/js/jquery/jquery-migrate.min330a.js]
[connect.facebook.net/en_US/fbevents.js]
[www.receitasdamaria.com.br/wp-content/uploads/2019/09/cropped-sem_ttulo-3-1-32x32.png]
[www.receitasdamaria.com.br/wp-content/uploads/2019/09/cropped-sem_ttulo-3-1-192x192.png]
[www.receitasdamaria.com.br/wp-content/uploads/2019/09/cropped-sem_ttulo-3-1-180x180.png]
[www.receitasdamaria.com.br/wp-content/uploads/elementor/thumbs/premio-od1j2xhub0qfz3qkfcgkhfto1toa900f5fll1tzr3c.png]
[www.receitasdamaria.com.br/wp-content/uploads/2019/08/kk-834x1024.png]
[www.receitasdamaria.com.br/wp-content/uploads/elementor/thumbs/mul-od1szb14c5qu8spw3jk4sbpk7bzo8snnci8kx5i64o.png]
[www.receitasdamaria.com.br/wp-content/uploads/2019/08/tio.png]
[www.receitasdamaria.com.br/wp-content/uploads/2019/08/Geladinho-Gourmet-768x439.png]
[www.receitasdamaria.com.br/wp-content/uploads/elementor/thumbs/kk-od1je6mckbqgnn1uvlzkld42jf2xzy3cq7g17ushpc.png]
[www.receitasdamaria.com.br/wp-content/uploads/elementor/thumbs/trufado-od25n21xlm2iqxqlcaj7jrlnf5ohbyi565seg5bu74.png]
[www.receitasdamaria.com.br/wp-content/uploads/elementor/thumbs/fit-od26ercp0tzqx7hykrmdj9xpoz4x6thcn9ykmq94tc.png]
[www.receitasdamaria.com.br/wp-content/uploads/elementor/thumbs/detox-od26emni2ntbb5osc7l8ot4eq1s34byoymp58cg3og.png]
[www.receitasdamaria.com.br/wp-content/uploads/elementor/thumbs/alcool-od26ehyb4hmvp3vm3nk3ucb3r4f91ug19zfptyn2jk.png]
[www.receitasdamaria.com.br/wp-content/uploads/2019/08/t-300x285.png]
[www.receitasdamaria.com.br/wp-content/uploads/2019/08/999999-768x512.png]
[www.receitasdamaria.com.br/wp-content/uploads/elementor/thumbs/planlha-od29hq6rupwdjyb8lqesw9uqck6vwg0kkik68ppy8w.png]
[www.receitasdamaria.com.br/wp-content/uploads/elementor/thumbs/brigadeiro-od29gu89ecoml7lnsclhjhx25gkemqhp44dnxb1c4g.png]
[www.receitasdamaria.com.br/wp-content/uploads/elementor/thumbs/bolo_de_pote-od29gpj2g6i6z5shjskcp13r6j7kk8z1fh48ix8azk.png]
[www.receitasdamaria.com.br/wp-content/uploads/2019/08/ul-300x275.png]
[www.receitasdamaria.com.br/wp-content/uploads/2019/09/sem_ttulo-3-150x150.png]
[www.receitasdamaria.com.br/wp-content/uploads/2019/09/tt-150x150.png]
[www.receitasdamaria.com.br/wp-content/uploads/2019/09/ss-150x150.png]
[www.receitasdamaria.com.br/wp-content/uploads/2019/09/klick-150x150.png]
[www.receitasdamaria.com.br/wp-content/uploads/2019/09/c-150x150.png]
[www.receitasdamaria.com.br/wp-content/uploads/2019/09/gg-150x150.png]
[www.receitasdamaria.com.br/wp-content/uploads/2019/09/cc-150x150.png]
[www.receitasdamaria.com.br/wp-content/uploads/2019/09/jj-150x150.png]
[www.receitasdamaria.com.br/wp-content/uploads/2019/09/ll-150x150.png]
[www.receitasdamaria.com.br/wp-content/uploads/2019/09/bbb-150x150.png]
[www.receitasdamaria.com.br/wp-content/uploads/2019/09/bb-150x150.png]
[www.receitasdamaria.com.br/wp-content/uploads/2019/09/depoi.jpg]
[www.receitasdamaria.com.br/wp-content/uploads/2019/09/depoismento-e1567628921493.png]
[www.receitasdamaria.com.br/wp-content/uploads/2019/09/rew.png]
[www.receitasdamaria.com.br/wp-content/uploads/2019/09/sem_ttulo-1.png]
[www.receitasdamaria.com.br/wp-content/uploads/2019/09/WhatsApp-Image-2019-07-29-at-10.45.25-576x1024.jpg]
[www.receitasdamaria.com.br/wp-content/uploads/2019/09/WhatsApp-Image-2019-07-26-at-20.51.41-576x1024.jpg]
[www.receitasdamaria.com.br/wp-content/uploads/2019/09/WhatsApp-Image-2019-07-29-at-10.45.25-1-576x1024.jpg]
[www.receitasdamaria.com.br/wp-content/uploads/2019/09/WhatsApp-Image-2019-07-26-at-20.19.42-576x1024.jpg]
[www.receitasdamaria.com.br/wp-content/uploads/2019/09/WhatsApp-Image-2019-07-26-at-20.41.29-576x1024.jpg]
[www.receitasdamaria.com.br/wp-content/uploads/2019/09/WhatsApp-Image-2019-07-29-at-10.45.25-2-576x1024.jpg]
[www.receitasdamaria.com.br/wp-content/uploads/2019/08/Geladinho-Gourmet-1024x585.png]
[www.receitasdamaria.com.br/wp-content/uploads/2019/09/preco-3.png]
[www.receitasdamaria.com.br/wp-content/uploads/2019/09/site-seguro-1024x71.png]
[www.receitasdamaria.com.br/wp-content/uploads/2019/09/compra-segura-vetor-300x45.png]
[www.receitasdamaria.com.br/wp-content/uploads/2019/09/7-dias-de-garantia-ou-seu-dinheiro-de-volta-370x322.png]
[www.receitasdamaria.com.br/wp-content/uploads/2019/09/Botão-zap.png]
[www.receitasdamaria.com.br/wp-content/plugins/countdown-timer-for-elementor/assets/js/jquery.countdownTimer8a54.js]
[www.receitasdamaria.com.br/wp-content/plugins/hurrytimer/assets/js/cookie.min3601.js]
[www.receitasdamaria.com.br/wp-content/plugins/hurrytimer/assets/js/jquery.countdown.min3601.js]
[www.receitasdamaria.com.br/wp-content/plugins/hurrytimer/assets/js/hurrytimerbf3e.js]
[www.receitasdamaria.com.br/wp-includes/js/wp-embed.min4d2c.js]
[www.receitasdamaria.com.br/wp-content/plugins/elementor/assets/js/frontend-modules.minae29.js]
[www.receitasdamaria.com.br/wp-includes/js/jquery/ui/position.mine899.js]
[www.receitasdamaria.com.br/wp-content/plugins/elementor/assets/lib/dialog/dialog.minfe9d.js]
[www.receitasdamaria.com.br/wp-content/plugins/elementor/assets/lib/waypoints/waypoints.min05da.js]
[www.receitasdamaria.com.br/wp-content/plugins/elementor/assets/lib/swiper/swiper.min4f24.js]
[www.receitasdamaria.com.br/wp-content/plugins/elementor/assets/js/frontend.minae29.js]
[www.receitasdamaria.com.br/geladinhogourmet/index.html]
[www.receitasdamaria.com.br/wp-includes/css/dist/block-library/style.min4d2c.css]
[www.receitasdamaria.com.br/wp-includes/css/dist/block-library/theme.min4d2c.css]
[www.receitasdamaria.com.br/wp-content/plugins/countdown-timer-for-elementor/assets/css/countdown-timer-widget4d2c.css]
[www.receitasdamaria.com.br/wp-content/plugins/hurrytimer/assets/css/hurrytimer979c.css]
[www.receitasdamaria.com.br/wp-content/themes/twentynineteen/stylead05.css]
[www.receitasdamaria.com.br/wp-content/themes/twentynineteen/printad05.css]
[www.receitasdamaria.com.br/wp-content/plugins/elementor/assets/lib/eicons/css/elementor-icons.min6104.css]
[www.receitasdamaria.com.br/wp-content/plugins/elementor/assets/lib/animations/animations.minae29.css]
[www.receitasdamaria.com.br/wp-content/plugins/elementor/assets/css/frontend.minae29.css]
[www.receitasdamaria.com.br/wp-content/uploads/elementor/css/globalfe3a.css]
[www.receitasdamaria.com.br/wp-content/uploads/elementor/css/post-3656759.css]
[www.receitasdamaria.com.br/wp-content/plugins/elementor/assets/lib/font-awesome/css/fontawesome.minad76.css]
[www.receitasdamaria.com.br/wp-content/plugins/elementor/assets/lib/font-awesome/css/solid.minad76.css]
[www.receitasdamaria.com.br/wp-content/plugins/elementor/assets/lib/font-awesome/css/regular.minad76.css]
[www.receitasdamaria.com.br/geladinhogourmet/POST]
[connect.facebook.net/en_US/fbevents.js]
[www.receitasdamaria.com.br/geladinhogourmet/POST.html]
